{
    "AWSTemplateFormatVersion": "2010-09-09",
    "Description": "a standard vpc template.",
    "Resources": {
        "WebVPC": {
            "Type": "AWS::EC2::VPC",
            "Properties": {
                "CidrBlock": "10.0.0.0/16",
                "Tags": [
                    {
                        "Key": "Name",
                        "Value": "WebVPC"
                    },
                    {
                        "Key": "Application",
                        "Value": {
                            "Ref": "AWS::StackId"
                        }
                    }
                ]
            }
        },
        "InternetGateway": {
            "Type": "AWS::EC2::InternetGateway",
            "Properties": {
                "Tags": [
                    {
                        "Key": "Name",
                        "Value": "InternetGateway"
                    },
                    {
                        "Key": "Application",
                        "Value": {
                            "Ref": "AWS::StackId"
                        }
                    }
                ]
            }
        },
        "InternetGatewayAttach": {
            "Type": "AWS::EC2::VPCGatewayAttachment",
            "Properties": {
                "VpcId": {
                    "Ref": "WebVPC"
                },
                "InternetGatewayId": {
                    "Ref": "InternetGateway"
                }
            }
        },
        "WebSubnetA": {
            "Type": "AWS::EC2::Subnet",
            "Properties": {
                "VpcId": {
                    "Ref": "WebVPC"
                },
                "CidrBlock": "10.0.10.0/24",
                "Tags": [
                    {
                        "Key": "Name",
                        "Value": "WebSubnetA"
                    },
                    {
                        "Key": "Application",
                        "Value": {
                            "Ref": "AWS::StackId"
                        }
                    }
                ],
                "AvailabilityZone": "ap-northeast-1a"
            }
        },
        "WebSubnetC": {
            "Type": "AWS::EC2::Subnet",
            "Properties": {
                "VpcId": {
                    "Ref": "WebVPC"
                },
                "CidrBlock": "10.0.20.0/24",
                "Tags": [
                    {
                        "Key": "Name",
                        "Value": "WebSubnetC"
                    },
                    {
                        "Key": "Application",
                        "Value": {
                            "Ref": "AWS::StackId"
                        }
                    }
                ],
                "AvailabilityZone": "ap-northeast-1c"
            }
        },
        "PublicRouteTable": {
            "Type": "AWS::EC2::RouteTable",
            "Properties": {
                "VpcId": {
                    "Ref": "WebVPC"
                },
                "Tags": [
                    {
                        "Key": "Name",
                        "Value": "PublicRouteTable"
                    },
                    {
                        "Key": "Application",
                        "Value": {
                            "Ref": "AWS::StackId"
                        }
                    }
                ]
            }
        },
        "PublicRoute": {
            "Type": "AWS::EC2::Route",
            "Properties": {
                "RouteTableId": {
                    "Ref": "PublicRouteTable"
                },
                "DestinationCidrBlock": "0.0.0.0/0",
                "GatewayId": {
                    "Ref": "InternetGateway"
                }
            }
        },
        "SubnetRouteTableAssociationSubnetA": {
            "Type": "AWS::EC2::SubnetRouteTableAssociation",
            "Properties": {
                "SubnetId": {
                    "Ref": "WebSubnetA"
                },
                "RouteTableId": {
                    "Ref": "PublicRouteTable"
                }
            }
        },
        "SubnetRouteTableAssociationSubnetC": {
            "Type": "AWS::EC2::SubnetRouteTableAssociation",
            "Properties": {
                "SubnetId": {
                    "Ref": "WebSubnetC"
                },
                "RouteTableId": {
                    "Ref": "PublicRouteTable"
                }
            }
        }
    }
}